≡ƒöì Testing multiple Gemini models to find a working one...
Testing gemini-1.5-flash... Γ¥î 404 Not Found
Testing gemini-1.5-flash-8b... Γ¥î 404 Not Found
Testing gemini-pro... Γ¥î 404 Not Found
Testing gemini-1.0-pro... Γ¥î 404 Not Found
Testing gemini-2.0-flash-lite-preview-02-05... Γ¥î 404 Not Found
Testing gemini-2.5-flash... Γ£à SUCCESS! Responded: "Hello!"
Testing gemini-2.0-pro-exp-02-05... Γ¥î 404 Not Found
Testing gemini-1.5-pro... Γ¥î 404 Not Found
